// Jest Snapshot v1, https://goo.gl/fbAQLP

exports[`renders demo correctly 1`] = `
<div class="demo-wrap demo-wrap--gray">
  <div class="barcode-wrap">
    <div class="press-q-r-code"><img src=""> <canvas id="pressWxQRcode" type="2d" style="width: 200px; height: 200px;"></canvas> <canvas id="pressQRcode" canvas-id="pressQRcode" style="width: 200px; height: 200px;"></canvas>
      <!---->
    </div>
  </div>
  <div>
    <div class="input__wrap">
      <div class="press-field-index">
        <div hover-class="press-cell--hover," hover-stay-time="70" class="press-field press-cell">
          <div class="press-cell__title" style="max-width: 6.2em; min-width: 6.2em; display: none;">
            <!---->
          </div>
          <div class="press-cell__value">
            <div class="press-field__body press-field__body--textarea">
              <div class="press-field__control press-field__control--custom"></div> <textarea cursor="-1" maxlength="-1" placeholder="请输入数据" placeholder-style="" placeholder-class="press-field__placeholder" auto-height="true" cursor-spacing="50" adjust-position="true" show-confirm-bar="true" selection-end="-1" selection-start="-1" disable-default-padding="true" class="press-field__control press-field__control--textarea"></textarea>
              <!---->
              <div class="press-field__icon-container">
                <!---->
              </div>
              <div class="press-field__button"></div>
            </div>
            <!---->
            <!---->
          </div>
        </div>
      </div>
      <div class="input__buttons"><button id="" hover-class="press-button--active," lang="" form-type="" open-type="" business-id="" session-from="" send-message-title="" send-message-path="" send-message-img="" show-message-card="" app-parameter="" aria-label="" class=" press-button press-button--default press-button--small " style="margin-left: 0px; margin-right: 8px;">
          <!---->
          <div class="press-button__text">
            清空
          </div>
        </button> <button id="" hover-class="press-button--active," lang="" form-type="" open-type="" business-id="" session-from="" send-message-title="" send-message-path="" send-message-img="" show-message-card="" app-parameter="" aria-label="" class=" press-button press-button--primary press-button--small " style="margin: 0px;">
          <!---->
          <div class="press-button__text">
            确定
          </div>
        </button></div>
    </div>
  </div>
</div>
`;
